bun test v1.3.10 (30e609e0)

src/utils/formatting.spec.ts:
(pass) formatCurrency > should format a whole number as BRL currency
(pass) formatCurrency > should format zero as BRL currency
(pass) formatCurrency > should format a decimal number as BRL currency
(pass) formatDateTime > should format a valid ISO date string
(pass) formatDateTime > should return the original value when the date string is invalid

src/features/users/UserService.spec.ts:
(pass) UserService > listUsers > should call the api route with the correct args [4.00ms]
(pass) UserService > listUsers > should return the user list with correct data [2.00ms]
(pass) UserService > listUsers > should throw error when json returns invalid data [1.00ms]
(pass) UserService > listUsers > should throw error when user data is missing required fields [1.00ms]
(pass) UserService > createUser > should call the api route with correct payload and json once [2.00ms]
(pass) UserService > createUser > should return the created user with correct data [1.00ms]
(pass) UserService > createUser > should throw error when json returns invalid user data [1.00ms]
(pass) UserService > createUser > should throw error when user data is missing required fields
(pass) UserService > getUserById > should call the api route with correct userId [1.00ms]
(pass) UserService > getUserById > should return the user with correct data [1.00ms]
(pass) UserService > getUserById > should throw error when user data is invalid
(pass) UserService > editUser > should call the api route with correct userId and update data [2.00ms]
(pass) UserService > editUser > should handle partial updates [1.00ms]
(pass) UserService > deleteUser > should call the api route with correct userId [1.00ms]

src/features/parking-prices/ParkingPricesService.spec.ts:
(pass) ParkingPricesService > should get pricing [1.00ms]
(pass) ParkingPricesService > should update pricing

src/features/auth/AuthService.spec.ts:
(pass) AuthService > login > should call the api route with correct method and payload [2.00ms]
(pass) AuthService > login > should send the correct email and password in the body [2.00ms]
(pass) AuthService > login > should return the token and user on success [1.00ms]
(pass) AuthService > login > should store the token in localStorage [1.00ms]
(pass) AuthService > login > should throw when the response is missing the token [1.00ms]
(pass) AuthService > login > should throw when the response is missing the user [1.00ms]
(pass) AuthService > login > should throw when the response body is invalid
(pass) AuthService > me > should call the api with the bearer token [3.00ms]
(pass) AuthService > me > should return the user with vehicles [1.00ms]
(pass) AuthService > me > should throw when there is no token
(pass) AuthService > me > should throw when the response body is invalid

src/features/tags/TagService.spec.ts:
(pass) TagService > listTags > should call GET /tags [1.00ms]
(pass) TagService > listTags > should return the tag list with correct data [1.00ms]
(pass) TagService > listTags > should return an empty array when the api returns an empty list [1.00ms]
(pass) TagService > listTags > should throw when the api returns invalid data [1.00ms]
(pass) TagService > listTags > should throw when a tag item has an invalid status value [1.00ms]
(pass) TagService > createTag > should call POST /tags with the correct payload [2.00ms]
(pass) TagService > createTag > should return the created tag with correct data [1.00ms]
(pass) TagService > createTag > should throw when the api returns invalid data [2.00ms]
(pass) TagService > deactivateTag > should call PATCH /tags/:id/deactivate [2.00ms]
(pass) TagService > deactivateTag > should return the deactivated tag with updated status [1.00ms]
(pass) TagService > deactivateTag > should throw when the api returns invalid data [1.00ms]

src/routes/shared/login.spec.tsx:
(pass) Login component > should render the email input [40.00ms]
(pass) Login component > should render the password input [9.00ms]
(pass) Login component > should render the submit button [16.00ms]
(pass) Login component > should render the register button [10.00ms]
(pass) Login component > should render the forgot password button [11.00ms]
(pass) Login component > should update email field value on input [11.00ms]
(pass) Login component > should update password field value on input [7.00ms]
(pass) Login component > should show validation error when email is invalid on blur [11.00ms]
(pass) Login component > should not show validation error when email is valid on blur [9.00ms]
(pass) Login component > should clear email error when a valid email is typed after an invalid one [14.00ms]
(pass) Login component > should trigger register navigation without throwing [22.00ms]
(pass) Login component > should trigger forgot password without throwing [11.00ms]
(pass) Login component > should store token and navigate on successful login [74.00ms]
(pass) Login component > should show error toast when login returns 401 [96.00ms]

src/features/users/components/PricingTable.spec.tsx:
(pass) PricingTable > should render without crashing [9.00ms]
(pass) PricingTable > should render the table headers [5.00ms]
(pass) PricingTable > should render dynamic row labels from API [5.00ms]
(pass) PricingTable > should format currency from API correctly [4.00ms]
In HTML, <tbody> cannot be a child of <div>.
This will cause a hydration error.
(pass) PricingTable > should render loading state [6.00ms]
(pass) PricingTable > should render error state [2.00ms]
(pass) PricingTable > should apply additional className to the container [4.00ms]

src/features/dashboard/components/Status.spec.tsx:
(pass) StatusBadge component > should render 'Livre' for AVAILABLE status [4.00ms]
(pass) StatusBadge component > should render 'Ativa' for IN_USE status [2.00ms]
(pass) StatusBadge component > should render 'Inativa' for INACTIVE status [2.00ms]

src/features/vehicles/components/AddVehicleButton.spec.tsx:
(pass) AddVehicleCard component > should render the add vehicle card [8.00ms]
(pass) AddVehicleCard component > should trigger the click event [4.00ms]
(pass) AddVehicleCard component > should render the small version [4.00ms]

src/features/vehicles/components/VehicleCard.spec.tsx:
(pass) VehicleCard component > should render license plate [8.00ms]
(pass) VehicleCard component > should trigger onClick when clicking the card [5.00ms]
(pass) VehicleCard component > should trigger onDelete when clicking the trash icon [7.00ms]

src/features/parking-prices/hooks/usePricing.spec.tsx:
42 |   computedStyleSupportsPseudoElements: false
43 | };
44 | function runWithExpensiveErrorDiagnosticsDisabled(callback) {
45 |   try {
46 |     config._disableExpensiveErrorDiagnostics = true;
47 |     return callback();
                ^
error: expect(received).toBe(expected)

Expected: true
Received: undefined


Ignored nodes: comments, script, style
[36m<html>[39m
  [36m<head />[39m
  [36m<body>[39m
    [36m<div />[39m
  [36m</body>[39m
[36m</html>[39m
      at runWithExpensiveErrorDiagnosticsDisabled (/home/eduardo/facul/7_semestre/ages_III/frontend/node_modules/@testing-library/dom/dist/config.js:47:12)
      at checkCallback (/home/eduardo/facul/7_semestre/ages_III/frontend/node_modules/@testing-library/dom/dist/wait-for.js:124:36)
      at <anonymous> (/home/eduardo/facul/7_semestre/ages_III/frontend/node_modules/happy-dom/lib/window/BrowserWindow.js:1275:30)
(fail) usePricing > should return pricing data [1010.02ms]
42 |   computedStyleSupportsPseudoElements: false
43 | };
44 | function runWithExpensiveErrorDiagnosticsDisabled(callback) {
45 |   try {
46 |     config._disableExpensiveErrorDiagnostics = true;
47 |     return callback();
                ^
error: expect(received).toBe(expected)

Expected: true
Received: false


Ignored nodes: comments, script, style
[36m<html>[39m
  [36m<head />[39m
  [36m<body>[39m
    [36m<div />[39m
    [36m<div />[39m
  [36m</body>[39m
[36m</html>[39m
      at runWithExpensiveErrorDiagnosticsDisabled (/home/eduardo/facul/7_semestre/ages_III/frontend/node_modules/@testing-library/dom/dist/config.js:47:12)
      at checkCallback (/home/eduardo/facul/7_semestre/ages_III/frontend/node_modules/@testing-library/dom/dist/wait-for.js:124:36)
      at <anonymous> (/home/eduardo/facul/7_semestre/ages_III/frontend/node_modules/happy-dom/lib/window/BrowserWindow.js:1275:30)
(fail) usePricing > should expose errors when the query fails [1004.02ms]

src/features/parking-prices/hooks/useUpdatePricing.spec.tsx:
(pass) useUpdatePricing > should mutate pricing data and invalidate queries [59.00ms]
(pass) useUpdatePricing > should expose errors when the mutation fails [57.00ms]

src/features/parking-prices/components/EditValuesModal.spec.tsx:
(pass) EditValuesModal > renders correctly [13.00ms]
54 |       const elementStrings = els.map(element => getElementError(null, element).message).join('\n\n');
55 |       throw getMultipleElementsFoundError(`${getMultipleError(container, ...args)}
56 | 
57 | Here are the matching elements:
58 | 
59 | ${elementStrings}`, container);
                                  ^
TestingLibraryElementError: Found multiple elements with the text: Salvar

Here are the matching elements:

Ignored nodes: comments, script, style
[36m<button[39m
  [33mclass[39m=[32m"rounded-md font-medium cursor-pointer transition-all duration-150 ease-out hover:-translate-y-0.5 hover:shadow-sm active:translate-y-0.5 active:scale-95 active:shadow-none focus-visible:outline-none focus-visible:ring-2 focus-visible:ring-dark-blue/30 focus-visible:ring-offset-2 bg-dark-blue text-white hover:bg-dark-blue-75 active:bg-dark-blue-50 disabled:bg-light-gray disabled:text-white disabled:shadow-none disabled:translate-y-0 disabled:hover:bg-dark-blue text-base px-4 py-2"[39m
  [33mtype[39m=[32m"submit"[39m
[36m>[39m
  [0mSalvar[0m
[36m</button>[39m

Ignored nodes: comments, script, style
[36m<button[39m
  [33mclass[39m=[32m"rounded-md font-medium cursor-pointer transition-all duration-150 ease-out hover:-translate-y-0.5 hover:shadow-sm active:translate-y-0.5 active:scale-95 active:shadow-none focus-visible:outline-none focus-visible:ring-2 focus-visible:ring-dark-blue/30 focus-visible:ring-offset-2 bg-dark-blue text-white hover:bg-dark-blue-75 active:bg-dark-blue-50 disabled:bg-light-gray disabled:text-white disabled:shadow-none disabled:translate-y-0 disabled:hover:bg-dark-blue text-base px-4 py-2"[39m
  [33mtype[39m=[32m"submit"[39m
[36m>[39m
  [0mSalvar[0m
[36m</button>[39m

(If this is intentional, then use the `*AllBy*` variant of the query (like `queryAllByText`, `getAllByText`, or `findAllByText`)).

Ignored nodes: comments, script, style
[36m<body>[39m
  [36m<div />[39m
  [36m<div />[39m
  [36m<div />[39m
  [36m<div />[39m
  [36m<div>[39m
    [36m<div[39m
      [33mclass[39m=[32m"fixed inset-0 z-50 flex items-center justify-center"[39m
    [36m>[39m
      [36m<button[39m
        [33maria-label[39m=[32m"Fechar modal"[39m
        [33mclass[39m=[32m"absolute inset-0 bg-bg-overlay"[39m
        [33mtype[39m=[32m"button"[39m
      [36m/>[39m
      [36m<div[39m
        [33mclass[39m=[32m"relative mx-4 w-full max-w-lg rounded-lg bg-white p-6 shadow-xl"[39m
      [36m>[39m
        [36m<div[39m
          [33mclass[39m=[32m"mb-6 flex items-center justify-center"[39m
        [36m>[39m
          [36m<h2[39m
            [33mclass[39m=[32m"font-semibold text-dark-blue text-xl"[39m
          [36m>[39m
            [0mEditar Valores[0m
          [36m</h2>[39m
        [36m</div>[39m
        [36m<div[39m
          [33mclass[39m=[32m"text-gray"[39m
        [36m>[39m
          [36m<form[39m
            [33mclass[39m=[32m"space-y-4"[39m
          [36m>[39m
            [36m<div>[39m
              [36m<label[39m
                [33mclass[39m=[32m"mb-1 block font-medium text-gray-700 text-sm"[39m
                [33mfor[39m=[32m"toleranceMinutes"[39m
              [36m>[39m
                [0mTempo de Isenção (minutos)[0m
              [36m</label>[39m
              [36m<input[39m
                [33mclass[39m=[32m"w-full rounded-md border border-gray-300 px-3 py-2"[39m
                [33mid[39m=[32m"toleranceMinutes"[39m
                [33mmin[39m=[32m"0"[39m
                [33mrequired[39m=[32m""[39m
                [33mtype[39m=[32m"number"[39m
                [33mvalue[39m=[32m"15"[39m
              [36m/>[39m
            [36m</div>[39m
            [36m<div>[39m
              [36m<label[39m
                [33mclass[39m=[32m"mb-1 block font-medium text-gray-700 text-sm"[39m
                [33mfor[39m=[32m"basePrice"[39m
              [36m>[39m
                [0mValor até 3 Horas (R$)[0m
              [36m</label>[39m
              [36m<input[39m
                [33mclass[39m=[32m"w-full rounded-md border border-gray-300 px-3 py-2"[39m
                [33mid[39m=[32m"basePrice"[39m
                [33mmin[39m=[32m"0"[39m
                [33mrequired[39m=[32m""[39m
                [33mstep[39m=[32m"0.01"[39m
                [33mtype[39m=[32m"number"[39m
                [33mvalue[39m=[32m"15"[39m
              [36m/>[39m
            [36m</div>[39m
            [36m<div>[39m
              [36m<label[39m
                [33mclass[39m=[32m"mb-1 block font-medium text-gray-700 text-sm"[39m
                [33mfor[39m=[32m"hourlyRate"[39m
              [36m>[39m
                [0mValor da Hora Adicional (R$)[0m
              [36m</label>[39m
              [36m<input[39m
                [33mclass[39m=[32m"w-full rounded-md border border-gray-300 px-3 py-2"[39m
                [33mid[39m=[32m"hourlyRate"[39m
                [33mmin[39m=[32m"0"[39m
                [33mrequired[39m=[32m""[39m
                [33mstep[39m=[32m"0.01"[39m
                [33mtype[39m=[32m"number"[39m
                [33mvalue[39m=[32m"5"[39m
              [36m/>[39m
            [36m</div>[39m
            [36m<div[39m
              [33mclass[39m=[32m"flex justify-end space-x-2 pt-4"[39m
            [36m>[39m
              [36m<button[39m
                [33mclass[39m=[32m"rounded-md font-medium cursor-pointer transition-all duration-150 ease-out hover:-translate-y-0.5 hover:shadow-sm active:translate-y-0.5 active:scale-95 active:shadow-none focus-visible:outline-none focus-visible:ring-2 focus-visible:ring-dark-blue/30 focus-visible:ring-offset-2 border border-dark-blue bg-white text-dark-blue hover:bg-blue/15 active:bg-blue/30 disabled:border-gray disabled:text-gray disabled:hover:bg-transparent disabled:shadow-none disabled:translate-y-0 text-base px-4 py-2"[39m
                [33mtype[39m=[32m"button"[39m
              [36m>[39m
                [0mCancelar[0m
              [36m</button>[39m
              [36m<button[39m
                [33mclass[39m=[32m"rounded-md font-medium cursor-pointer transition-all duration-150 ease-out hover:-translate-y-0.5 hover:shadow-sm active:translate-y-0.5 active:scale-95 active:shadow-none focus-visible:outline-none focus-visible:ring-2 focus-visible:ring-dark-blue/30 focus-visible:ring-offset-2 bg-dark-blue text-white hover:bg-dark-blue-75 active:bg-dark-blue-50 disabled:bg-light-gray disabled:text-white disabled:shadow-none disabled:translate-y-0 disabled:hover:bg-dark-blue text-base px-4 py-2"[39m
                [33mtype[39m=[32m"submit"[39m
              [36m>[39m
                [0mSalvar[0m
              [36m</button>[39m
            [36m</div>[39m
          [36m</form>[39m
        [36m</div>[39m
      [36m</div>[39m
    [36m</div>[39m
  [36m</div>[39m
  [36m<div>[39m
    [36m<div[39m
      [33mclass[39m=[32m"fixed inset-0 z-50 flex items-center justify-center"[39m
    [36m>[39m
      [36m<button[39m
        [33maria-label[39m=[32m"Fechar modal"[39m
        [33mclass[39m=[32m"absolute inset-0 bg-bg-overlay"[39m
        [33mtype[39m=[32m"button"[39m
      [36m/>[39m
      [36m<div[39m
        [33mclass[39m=[32m"relative mx-4 w-full max-w-lg rounded-lg bg-white p-6 shadow-xl"[39m
      [36m>[39m
        [36m<div[39m
          [33mclass[39m=[32m"mb-6 flex items-center justify-center"[39m
        [36m>[39m
          [36m<h2[39m
            [33mclass[39m=[32m"font-semibold text-dark-blue text-xl"[39m
          [36m>[39m
            [0mEditar Valores[0m
          [36m</h2>[39m
        [36m</div>[39m
        [36m<div[39m
          [33mclass[39m=[32m"text-gray"[39m
        [36m>[39m
          [36m<form[39m
            [33mclass[39m=[32m"space-y-4"[39m
          [36m>[39m
            [36m<div>[39m
              [36m<label[39m
                [33mclass[39m=[32m"mb-1 block font-medium text-gray-700 text-sm"[39m
                [33mfor[39m=[32m"toleranceMinutes"[39m
              [36m>[39m
                [0mTempo de Isenção (minutos)[0m
              [36m</label>[39m
              [36m<input[39m
                [33mclass[39m=[32m"w-full rounded-md border border-gray-300 px-3 py-2"[39m
                [33mid[39m=[32m"toleranceMinutes"[39m
                [33mmin[39m=[32m"0"[39m
                [33mrequired[39m=[32m""[39m
                [33mtype[39m=[32m"number"[39m
                [33mvalue[39m=[32m"15"[39m
              [36m/>[39m
            [36m</div>[39m
            [36m<div>[39m
              [36m<label[39m
                [33mclass[39m=[32m"mb-1 block font-medium text-gray-700 text-sm"[39m
                [33mfor[39m=[32m"basePrice"[39m
              [36m>[39m
                [0mValor até 3 Horas (R$)[0m
              [36m</label>[39m
              [36m<input[39m
                [33mclass[39m=[32m"w-full rounded-md border border-gray-300 px-3 py-2"[39m
                [33mid[39m=[32m"basePrice"[39m
                [33mmin[39m=[32m"0"[39m
                [33mrequired[39m=[32m""[39m
                [33mstep[39m=[32m"0.01"[39m
                [33mtype[39m=[32m"number"[39m
                [33mvalue[39m=[32m"15"[39m
              [36m/>[39m
            [36m</div>[39m
            [36m<div>[39m
              [36m<label[39m
                [33mclass[39m=[32m"mb-1 block font-medium text-gray-700 text-sm"[39m
                [33mfor[39m=[32m"hourlyRate"[39m
              [36m>[39m
                [0mValor da Hora Adicional (R$)[0m
              [36m</label>[39m
              [36m<input[39m
                [33mclass[39m=[32m"w-full rounded-md border border-gray-300 px-3 py-2"[39m
                [33mid[39m=[32m"hourlyRate"[39m
                [33mmin[39m=[32m"0"[39m
                [33mrequired[39m=[32m""[39m
                [33mstep[39m=[32m"0.01"[39m
                [33mtype[39m=[32m"number"[39m
                [33mvalue[39m=[32m"5"[39m
              [36m/>[39m
            [36m</div>[39m
            [36m<div[39m
              [33mclass[39m=[32m"flex justify-end space-x-2 pt-4"[39m
            [36m>[39m
              [36m<button[39m
                [33mclass[39m=[32m"rounded-md font-medium cursor-pointer transition-all duration-150 ease-out hover:-translate-y-0.5 hover:shadow-sm active:translate-y-0.5 active:scale-95 active:shadow-none focus-visible:outline-none focus-visible:ring-2 focus-visible:ring-dark-blue/30 focus-visible:ring-offset-2 border border-dark-blue bg-white text-dark-blue hover:bg-blue/15 active:bg-blue/30 disabled:border-gray disabled:text-gray disabled:hover:bg-transparent disabled:shadow-none disabled:translate-y-0 text-base px-4 py-2"[39m
                [33mtype[39m=[32m"button"[39m
              [36m>[39m
                [0mCancelar[0m
              [36m</button>[39m
              [36m<button[39m
                [33mclass[39m=[32m"rounded-md font-medium cursor-pointer transition-all duration-150 ease-out hover:-translate-y-0.5 hover:shadow-sm active:translate-y-0.5 active:scale-95 active:shadow-none focus-visible:outline-none focus-visible:ring-2 focus-visible:ring-dark-blue/30 focus-visible:ring-offset-2 bg-dark-blue text-white hover:bg-dark-blue-75 active:bg-dark-blue-50 disabled:bg-light-gray disabled:text-white disabled:shadow-none disabled:translate-y-0 disabled:hover:bg-dark-blue text-base px-4 py-2"[39m
                [33mtype[39m=[32m"submit"[39m
              [36m>[39m
                [0mSalvar[0m
              [36m</button>[39m
            [36m</div>[39m
          [36m</form>[39m
        [36m</div>[39m
      [36m</div>[39m
    [36m</div>[39m
  [36m</div>[39m
[36m</body>[39m
      at <anonymous> (/home/eduardo/facul/7_semestre/ages_III/frontend/node_modules/@testing-library/dom/dist/query-helpers.js:59:30)
      at <anonymous> (/home/eduardo/facul/7_semestre/ages_III/frontend/node_modules/@testing-library/dom/dist/query-helpers.js:95:19)
      at <anonymous> (/home/eduardo/facul/7_semestre/ages_III/frontend/src/features/parking-prices/components/EditValuesModal.spec.tsx:25:22)
(fail) EditValuesModal > handles submit [14.00ms]

src/features/auth/hooks/useMe.spec.tsx:
(pass) useMe > should return user data [72.00ms]
(pass) useMe > should expose errors when the query fails [60.00ms]

src/features/tags/hooks/useTagsModalState.spec.ts:
(pass) useTagsModalState hook > should initialize with no active modal and no selected tag [7.00ms]
(pass) useTagsModalState hook > should open the details modal with the given tag [2.00ms]
(pass) useTagsModalState hook > should open the deactivate modal with the given tag [2.00ms]
(pass) useTagsModalState hook > should open the create modal and set selectedTag to null [2.00ms]
(pass) useTagsModalState hook > should open the create modal without a tag [2.00ms]
(pass) useTagsModalState hook > should close the modal and clear the selected tag [2.00ms]
(pass) useTagsModalState hook > should switch from one modal to another [3.00ms]

src/features/tags/dtos/tagStatusDto.spec.ts:
(pass) tagStatusSchema > should accept AVAILABLE [3.00ms]
(pass) tagStatusSchema > should accept IN_USE [1.00ms]
(pass) tagStatusSchema > should accept INACTIVE
(pass) tagStatusSchema > should reject an unknown status value [1.00ms]
(pass) tagStatusSchema > should reject an empty string
(pass) tagStatusSchema > should reject a lowercase value

src/features/tags/components/TagDetailsModal.spec.tsx:
(pass) TagDetailsModal component > should not render content when tag is null [17.00ms]
(pass) TagDetailsModal component > should render the tag id [12.00ms]
(pass) TagDetailsModal component > should render the tag owner name [8.00ms]
(pass) TagDetailsModal component > should render the tag plate [6.00ms]
(pass) TagDetailsModal component > should render '—' when userName is null [5.00ms]
(pass) TagDetailsModal component > should render '—' when plate is null [7.00ms]
(pass) TagDetailsModal component > should call onClose when the close button is clicked [6.00ms]
(pass) TagDetailsModal component > should not render content when isOpen is false [2.00ms]

src/features/tags/components/TagDeactivateModal.spec.tsx:
(pass) TagDeactivateModal component > should not render content when isOpen is false [3.00ms]
(pass) TagDeactivateModal component > should render the confirmation modal when isOpen is true [6.00ms]
(pass) TagDeactivateModal component > should render Cancelar and Desativar buttons [5.00ms]
(pass) TagDeactivateModal component > should call onClose when Cancelar is clicked [6.00ms]
(pass) TagDeactivateModal component > should call mutate with the tag id when Desativar is clicked [6.00ms]
(pass) TagDeactivateModal component > should not call mutate when tag is null and Desativar is clicked [5.00ms]
(pass) TagDeactivateModal component > should call onClose after a successful deactivation [6.00ms]
(pass) TagDeactivateModal component > should not call onClose on a failed deactivation [6.00ms]

src/components/ui/input/input.spec.tsx:
(pass) Input component > should render with a label [6.00ms]
(pass) Input component > should render with a placeholder [3.00ms]
(pass) Input component > should accept user input when variant is default [4.00ms]
(pass) Input component > should call onBlur without validation for the default input [8.00ms]
(pass) Input component > should be disabled when variant is disabled [4.00ms]
(pass) Input component > should have the disabled attribute when variant is disabled [3.00ms]
(pass) Input component > should render the '+' button when variant is with-button [9.00ms]
(pass) Input component > should call onButtonClick when the '+' button is clicked [8.00ms]
(pass) Input component > should NOT render the '+' button when variant is default [4.00ms]
(pass) Input component > should mask cpf input and show validation errors on blur [10.00ms]
(pass) Input component > should mask phone input and validate the value on blur [8.00ms]
(pass) Input component > should validate email and clear the error on focus [8.00ms]
(pass) Input component > should validate password length [11.00ms]
(pass) Input component > should clear password validation when the value is empty [5.00ms]
(pass) Input component > should toggle password visibility [13.00ms]

src/components/ui/balance-card/balance-card.spec.tsx:
(pass) BalanceCard > should render without crashing [15.00ms]
(pass) BalanceCard > should display the label 'Seu saldo:' [4.00ms]
(pass) BalanceCard > should display the balance formatted as BRL currency [5.00ms]
(pass) BalanceCard > should format a decimal balance correctly [5.00ms]
(pass) BalanceCard > should format a zero balance correctly [6.00ms]
(pass) BalanceCard > should render the 'Adicionar saldo' button [5.00ms]
(pass) BalanceCard > should call onAddBalance when the button is clicked [6.00ms]
(pass) BalanceCard > should apply additional className passed via props [3.00ms]

src/components/ui/header/HeaderButton.spec.tsx:
(pass) HeaderButton component > should render the button with label [14.00ms]
(pass) HeaderButton component > should render the icon [3.00ms]
(pass) HeaderButton component > should have aria-pressed false when isActive is not set [5.00ms]
(pass) HeaderButton component > should have aria-pressed true when isActive is true [4.00ms]
(pass) HeaderButton component > should trigger the action when clicked [5.00ms]
(pass) HeaderButton component > should render without action without throwing [1.00ms]

src/components/ui/header/HeaderAuthButton.spec.tsx:
(pass) HeaderAuthButton component > should render 'Entrar/Cadastrar' by default [8.00ms]
(pass) HeaderAuthButton component > should render 'Sair' when isLogged is true [6.00ms]
(pass) HeaderAuthButton component > should trigger the action when clicked [7.00ms]
(pass) HeaderAuthButton component > should not trigger the action if disabled [7.00ms]

src/components/ui/header/Header.spec.tsx:
(pass) Header component > type='logo' > should render the logo [6.00ms]
(pass) Header component > type='logo' > should not render nav buttons [2.00ms]
(pass) Header component > type='logo' > should trigger logo click without throwing [3.00ms]
(pass) Header component > type='default' > should render the logo [12.00ms]
(pass) Header component > type='default' > should render nav buttons: Home, Pagamentos, Perfil [14.00ms]
(pass) Header component > type='default' > should render 'Entrar/Cadastrar' when isLogged is false [20.00ms]
(pass) Header component > type='default' > should render 'Sair' when isLogged is true [21.00ms]
(pass) Header component > type='default' > should call onAuthAction when auth button is clicked [20.00ms]
(pass) Header component > type='default' > should trigger logo click without throwing [10.00ms]
(pass) Header component > type='default' > should trigger Home nav button click without throwing [20.00ms]
(pass) Header component > type='default' > should trigger Pagamentos nav button click without throwing [15.00ms]
(pass) Header component > type='default' > should trigger Perfil nav button click without throwing [11.00ms]
(pass) Header component > type='default' > should trigger Admin button click without throwing [9.00ms]
(pass) Header component > type='default' > should update the active indicator on resize without throwing [3.00ms]

src/components/ui/toast/toast.spec.tsx:
(pass) toast > toast helper methods > should push a success toast
(pass) toast > toast helper methods > should push an error toast
(pass) toast > toast helper methods > should push a warning toast
(pass) toast > toast helper methods > should push an info toast
(pass) toast > toast helper methods > should push a toast with title via show()
(pass) toast > toast helper methods > should push a toast with custom duration
(pass) toast > toast helper methods > should push a success toast with optional title
(pass) toast > ToastViewport > should render without throwing [8.00ms]
(pass) toast > ToastViewport > should render a success toast in the viewport [33.00ms]
(pass) toast > ToastViewport > should render an error toast in the viewport [57.00ms]
(pass) toast > ToastViewport > should render a warning toast in the viewport [54.00ms]
(pass) toast > ToastViewport > should render an info toast in the viewport [73.00ms]
(pass) toast > ToastViewport > should render a toast with title and message [75.00ms]
(pass) toast > ToastViewport > should render a success toast with title and message [70.00ms]
(pass) toast > ToastViewport > should render close buttons for toasts [52.00ms]
(pass) toast > ToastViewport > should dismiss a toast when close button is clicked without throwing [55.00ms]
(pass) toast > ToastViewport > should unmount cleanly (useEffect cleanup) [9.00ms]
(pass) toast > ToastViewport > should remove toast from viewport after duration and animation delay [409.01ms]
(pass) toast > ToastViewport > should return null when document is undefined (SSR) [10.00ms]

src/components/ui/button/button.spec.tsx:
(pass) Button component > should render the button [3.00ms]
(pass) Button component > should trigger the click event [3.00ms]
(pass) Button component > should not trigger the click event if the button is disabled [3.00ms]

src/components/ui/label/label.spec.tsx:
(pass) Label component > should render the label text [3.00ms]
(pass) Label component > should render the value text [1.00ms]
(pass) Label component > should render with custom label and value [2.00ms]

src/features/dashboard/components/parking-occupancy-card/parking-occupancy-card.spec.tsx:
(pass) ParkingOccupancyCard > should render the default title [8.00ms]
(pass) ParkingOccupancyCard > should render a custom title [2.00ms]
(pass) ParkingOccupancyCard > should render the label correctly [2.00ms]
(pass) ParkingOccupancyCard > should render the correct progress width [6.00ms]
(pass) ParkingOccupancyCard > should cap progress width at 100% when vehicles exceed total spots [3.00ms]
(pass) ParkingOccupancyCard > should use the default color below 75% [3.00ms]
(pass) ParkingOccupancyCard > should use the default color at exactly 75% [2.00ms]
(pass) ParkingOccupancyCard > should use yellow above 75% [3.00ms]
(pass) ParkingOccupancyCard > should use yellow at exactly 90% [2.00ms]
(pass) ParkingOccupancyCard > should use red above 90% [3.00ms]
(pass) ParkingOccupancyCard > should render 0% width when total spots is 0 [2.00ms]

src/features/transactions/components/add-credit-modal/add-credit-modal.spec.tsx:
(pass) AddCreditModal > should not render when isOpen is false [7.00ms]
(pass) AddCreditModal > should render the client balance received by props [8.00ms]
(pass) AddCreditModal > should start with an empty input and disabled confirm button [18.00ms]
(pass) AddCreditModal > should format typed numbers from right to left [20.00ms]
(pass) AddCreditModal > should ignore non numeric characters [12.00ms]
(pass) AddCreditModal > should clear the input and disable confirm button when value is removed [20.00ms]
(pass) AddCreditModal > should add suggested values to the current input value instead of replacing it [20.00ms]
(pass) AddCreditModal > should add suggested value when input is empty [20.00ms]
(pass) AddCreditModal > should call onConfirm with the input value [20.00ms]
(pass) AddCreditModal > should call onClose when cancel button is clicked [14.00ms]
(pass) AddCreditModal > should reset typed value when modal is reopened [17.00ms]

src/features/accesses/components/access-card/AccessCard.spec.tsx:
(pass) AccessCard > should render correctly for entry type [12.00ms]
(pass) AccessCard > should render correctly for exit type [8.00ms]

3 tests failed:
(fail) usePricing > should return pricing data [1010.02ms]
(fail) usePricing > should expose errors when the query fails [1004.02ms]
(fail) EditValuesModal > handles submit [14.00ms]
--------------------------------------------------------------------|---------|---------|-------------------
File                                                                | % Funcs | % Lines | Uncovered Line #s
--------------------------------------------------------------------|---------|---------|-------------------
All files                                                           |   96.67 |   98.42 |
 src/components/ui/balance-card/index.tsx                           |  100.00 |  100.00 | 
 src/components/ui/button/index.tsx                                 |  100.00 |  100.00 | 
 src/components/ui/header/HeaderAuthButton.tsx                      |  100.00 |  100.00 | 
 src/components/ui/header/HeaderButton.tsx                          |  100.00 |  100.00 | 
 src/components/ui/header/index.tsx                                 |  100.00 |  100.00 | 
 src/components/ui/input/index.tsx                                  |  100.00 |  100.00 | 
 src/components/ui/label/index.tsx                                  |  100.00 |  100.00 | 
 src/components/ui/modal/index.tsx                                  |  100.00 |  100.00 | 
 src/components/ui/table/TableSkeleton.tsx                          |   66.67 |   91.89 | 38-40
 src/components/ui/toast/index.tsx                                  |  100.00 |  100.00 | 
 src/config/env.ts                                                  |  100.00 |  100.00 | 
 src/features/accesses/components/access-card/AccessCard.tsx        |  100.00 |  100.00 | 
 src/features/auth/AuthService.ts                                   |  100.00 |  100.00 | 
 src/features/auth/dtos/index.ts                                    |  100.00 |  100.00 | 
 src/features/auth/dtos/loginDto.ts                                 |  100.00 |  100.00 | 
 src/features/auth/hooks/index.ts                                   |  100.00 |  100.00 | 
 src/features/auth/hooks/useLogin.ts                                |  100.00 |  100.00 | 
 src/features/auth/hooks/useMe.ts                                   |  100.00 |  100.00 | 
 src/features/dashboard/components/Status.tsx                       |  100.00 |  100.00 | 
 src/features/dashboard/components/parking-occupancy-card/index.tsx |  100.00 |  100.00 | 
 src/features/parking-prices/ParkingPricesService.ts                |  100.00 |  100.00 | 
 src/features/parking-prices/components/EditValuesModal.tsx         |   33.33 |   85.56 | 27-39
 src/features/parking-prices/dtos/parkingPricesDto.ts               |  100.00 |  100.00 | 
 src/features/parking-prices/hooks/index.ts                         |  100.00 |  100.00 | 
 src/features/parking-prices/hooks/usePricing.ts                    |    0.00 |   28.57 | 10-14
 src/features/parking-prices/hooks/useUpdatePricing.ts              |  100.00 |  100.00 | 
 src/features/tags/TagService.ts                                    |  100.00 |  100.00 | 
 src/features/tags/components/TagDeactivateModal.tsx                |  100.00 |  100.00 | 
 src/features/tags/components/TagDetailsModal.tsx                   |  100.00 |  100.00 | 
 src/features/tags/dtos/createTagDto.ts                             |  100.00 |  100.00 | 
 src/features/tags/dtos/index.ts                                    |  100.00 |  100.00 | 
 src/features/tags/dtos/tagDto.ts                                   |  100.00 |  100.00 | 
 src/features/tags/dtos/tagListDto.ts                               |  100.00 |  100.00 | 
 src/features/tags/dtos/tagStatusDto.ts                             |  100.00 |  100.00 | 
 src/features/tags/hooks/useTagsModalState.ts                       |  100.00 |  100.00 | 
 src/features/transactions/components/add-credit-modal/index.tsx    |  100.00 |  100.00 | 
 src/features/users/UserService.ts                                  |  100.00 |  100.00 | 
 src/features/users/components/PricingTable.tsx                     |  100.00 |  100.00 | 
 src/features/users/dtos/createUserDto.ts                           |  100.00 |  100.00 | 
 src/features/users/dtos/index.ts                                   |  100.00 |  100.00 | 
 src/features/users/dtos/parkingPriceDto.ts                         |  100.00 |  100.00 | 
 src/features/users/dtos/userDto.ts                                 |  100.00 |  100.00 | 
 src/features/users/dtos/userListDto.ts                             |  100.00 |  100.00 | 
 src/features/users/dtos/userRoleEnum.ts                            |  100.00 |  100.00 | 
 src/features/users/dtos/userWithVehiclesDto.ts                     |  100.00 |  100.00 | 
 src/features/vehicles/assets/carIcon.tsx                           |  100.00 |  100.00 | 
 src/features/vehicles/components/AddVehicleButton.tsx              |  100.00 |  100.00 | 
 src/features/vehicles/components/VehicleCard.tsx                   |  100.00 |  100.00 | 
 src/features/vehicles/dtos/createVehicleDto.ts                     |  100.00 |  100.00 | 
 src/features/vehicles/dtos/index.ts                                |  100.00 |  100.00 | 
 src/features/vehicles/dtos/vehicleDto.ts                           |  100.00 |  100.00 | 
 src/features/vehicles/dtos/vehicleListDto.ts                       |  100.00 |  100.00 | 
 src/features/vehicles/dtos/vehicleWithOwnerDto.ts                  |  100.00 |  100.00 | 
 src/features/vehicles/dtos/vehicleWithOwnerListDto.ts              |  100.00 |  100.00 | 
 src/lib/api.ts                                                     |  100.00 |  100.00 | 
 src/routes/shared/login.tsx                                        |  100.00 |   99.21 | 
 src/utils/cn.ts                                                    |  100.00 |  100.00 | 
 src/utils/formatting.ts                                            |  100.00 |  100.00 | 
 test/components/setup.ts                                           |  100.00 |  100.00 | 
 test/utils/makeResponse.ts                                         |  100.00 |  100.00 | 
--------------------------------------------------------------------|---------|---------|-------------------

 203 pass
 3 fail
 349 expect() calls
Ran 206 tests across 29 files. [5.36s]
